// Jest Snapshot v1, https://goo.gl/fbAQLP

exports[`PhotoCamera Tests renders correctly 1`] = `
<Text>
  Kamera ya izin verilmemi≈ü 
</Text>
`;
