// Jest Snapshot v1, https://goo.gl/fbAQLP

exports[`HelloText renders correctly 1`] = `
<View>
  <Text>
     
  </Text>
</View>
`;
